Analyzing lib...

warning - features\dashboard\presentation\dashboard_screen.dart:1133:31 - The operand can't be 'null', so the condition is always 'true'. Remove the condition. - unnecessary_null_comparison
warning - features\dashboard\presentation\dashboard_screen.dart:1134:48 - The '!' will have no effect because the receiver can't be null. Try removing the '!' operator. - unnecessary_non_null_assertion
warning - features\dashboard\presentation\dashboard_screen.dart:1307:23 - The value of the local variable 'fontSize' isn't used. Try removing the variable or using it. - unused_local_variable
warning - features\finance\data\finance_provider.dart:8:8 - Unused import: 'dart:math'. Try removing the import directive. - unused_import
warning - features\finance\data\finance_provider.dart:9:8 - Unused import: 'package:uuid/uuid.dart'. Try removing the import directive. - unused_import
warning - features\finance\presentation\all_transactions_screen.dart:8:8 - Unused import: 'package:life_os/features/finance/domain/wallet_model.dart'. Try removing the import directive. - unused_import
warning - features\finance\presentation\finance_screen.dart:1417:11 - The value of the local variable 'now' isn't used. Try removing the variable or using it. - unused_local_variable
warning - features\tasks\data\task_provider.dart:6:8 - Unused import: 'package:uuid/uuid.dart'. Try removing the import directive. - unused_import
warning - features\tasks\data\task_provider.dart:7:8 - Unused import: 'dart:math'. Try removing the import directive. - unused_import
warning - main_prod.dart:1:8 - Unused import: 'package:flutter/material.dart'. Try removing the import directive. - unused_import
warning - main_prod.dart:2:8 - Unused import: 'package:flutter_riverpod/flutter_riverpod.dart'. Try removing the import directive. - unused_import
   info - features\dashboard\presentation\dashboard_screen.dart:575:9 - 'swapAnimationDuration' is deprecated and shouldn't be used. Please use [duration] instead. Try replacing the use of the deprecated member with the replacement. - deprecated_member_use
   info - features\dashboard\presentation\dashboard_screen.dart:576:9 - 'swapAnimationCurve' is deprecated and shouldn't be used. Please use [curve] instead. Try replacing the use of the deprecated member with the replacement. - deprecated_member_use
   info - features\dashboard\presentation\dashboard_screen.dart:1301:13 - 'swapAnimationDuration' is deprecated and shouldn't be used. Please use [duration] instead. Try replacing the use of the deprecated member with the replacement. - deprecated_member_use
   info - features\dashboard\presentation\dashboard_screen.dart:1302:13 - 'swapAnimationCurve' is deprecated and shouldn't be used. Please use [curve] instead. Try replacing the use of the deprecated member with the replacement. - deprecated_member_use
   info - features\finance\presentation\finance_screen.dart:721:19 - 'value' is deprecated and shouldn't be used. Use initialValue instead. This will set the initial value for the form field. This feature was deprecated after v3.33.0-1.0.pre. Try replacing the use of the deprecated member with the replacement. - deprecated_member_use

16 issues found.
